// Bun Snapshot v1, https://bun.sh/docs/test/snapshots

exports[`basic snapshot serializer test 1`] = `CustomType(test)`;
